
======================================================================
[sweep] backbone=mobilenetv2_140  (D: free=1812MB)
======================================================================
C:\Users\Lab\agentic-accessibility-auditor\.venv-cropcls\Lib\site-packages\zmq\_future.py:718: RuntimeWarning: Proactor event loop does not implement add_reader family of methods required for zmq. Registering an additional selector thread for add_reader support via tornado. Use `asyncio.set_event_loop_policy(WindowsSelectorEventLoopPolicy())` to avoid this warning.
  self._get_loop()
[IPKernelApp] WARNING | Kernel is running over TCP without encryption. All communication (including code and outputs) is sent in plain text and is susceptible to eavesdropping. Use IPC transport or launch with kernel manager-provisioned CurveZMQ keys to enable transport encryption.
[sweep] mobilenetv2_140: OK, 44.4 min -> C:\Users\Lab\agentic-accessibility-auditor\runs\notebooks\train_crop_violation_classifier_mobilenetv2_140.ipynb

======================================================================
[sweep] backbone=mobilenetv3_small_050  (D: free=1786MB)
======================================================================
[IPKernelApp] WARNING | Kernel is running over TCP without encryption. All communication (including code and outputs) is sent in plain text and is susceptible to eavesdropping. Use IPC transport or launch with kernel manager-provisioned CurveZMQ keys to enable transport encryption.
[sweep] mobilenetv3_small_050: OK, 33.6 min -> C:\Users\Lab\agentic-accessibility-auditor\runs\notebooks\train_crop_violation_classifier_mobilenetv3_small_050.ipynb

======================================================================
[sweep] backbone=mobilenetv4_conv_small  (D: free=1797MB)
======================================================================
[IPKernelApp] WARNING | Kernel is running over TCP without encryption. All communication (including code and outputs) is sent in plain text and is susceptible to eavesdropping. Use IPC transport or launch with kernel manager-provisioned CurveZMQ keys to enable transport encryption.
[sweep] mobilenetv4_conv_small: OK, 33.8 min -> C:\Users\Lab\agentic-accessibility-auditor\runs\notebooks\train_crop_violation_classifier_mobilenetv4_conv_small.ipynb

======================================================================
[sweep] backbone=mobilenetv4_conv_medium  (D: free=1779MB)
======================================================================
[IPKernelApp] WARNING | Kernel is running over TCP without encryption. All communication (including code and outputs) is sent in plain text and is susceptible to eavesdropping. Use IPC transport or launch with kernel manager-provisioned CurveZMQ keys to enable transport encryption.
[sweep] mobilenetv4_conv_medium: OK, 26.7 min -> C:\Users\Lab\agentic-accessibility-auditor\runs\notebooks\train_crop_violation_classifier_mobilenetv4_conv_medium.ipynb

======================================================================
[sweep] backbone=mobilenetv4_conv_large  (D: free=1722MB)
======================================================================
[IPKernelApp] WARNING | Kernel is running over TCP without encryption. All communication (including code and outputs) is sent in plain text and is susceptible to eavesdropping. Use IPC transport or launch with kernel manager-provisioned CurveZMQ keys to enable transport encryption.
[sweep] mobilenetv4_conv_large: OK, 32.9 min -> C:\Users\Lab\agentic-accessibility-auditor\runs\notebooks\train_crop_violation_classifier_mobilenetv4_conv_large.ipynb

======================================================================
[sweep] backbone=mobilevit_xxs  (D: free=1513MB)
======================================================================
[IPKernelApp] WARNING | Kernel is running over TCP without encryption. All communication (including code and outputs) is sent in plain text and is susceptible to eavesdropping. Use IPC transport or launch with kernel manager-provisioned CurveZMQ keys to enable transport encryption.
[sweep] mobilevit_xxs: OK, 25.4 min -> C:\Users\Lab\agentic-accessibility-auditor\runs\notebooks\train_crop_violation_classifier_mobilevit_xxs.ipynb

======================================================================
[sweep] backbone=mobilevit_xs  (D: free=1624MB)
======================================================================
[IPKernelApp] WARNING | Kernel is running over TCP without encryption. All communication (including code and outputs) is sent in plain text and is susceptible to eavesdropping. Use IPC transport or launch with kernel manager-provisioned CurveZMQ keys to enable transport encryption.
[sweep] mobilevit_xs: OK, 49.4 min -> C:\Users\Lab\agentic-accessibility-auditor\runs\notebooks\train_crop_violation_classifier_mobilevit_xs.ipynb

======================================================================
[sweep] backbone=mobilevitv2_050  (D: free=1611MB)
======================================================================
[IPKernelApp] WARNING | Kernel is running over TCP without encryption. All communication (including code and outputs) is sent in plain text and is susceptible to eavesdropping. Use IPC transport or launch with kernel manager-provisioned CurveZMQ keys to enable transport encryption.
[sweep] mobilevitv2_050: OK, 37.1 min -> C:\Users\Lab\agentic-accessibility-auditor\runs\notebooks\train_crop_violation_classifier_mobilevitv2_050.ipynb

======================================================================
[sweep] backbone=mobilevitv2_100  (D: free=1609MB)
======================================================================
[IPKernelApp] WARNING | Kernel is running over TCP without encryption. All communication (including code and outputs) is sent in plain text and is susceptible to eavesdropping. Use IPC transport or launch with kernel manager-provisioned CurveZMQ keys to enable transport encryption.
[sweep] mobilevitv2_100: OK, 50.6 min -> C:\Users\Lab\agentic-accessibility-auditor\runs\notebooks\train_crop_violation_classifier_mobilevitv2_100.ipynb

======================================================================
[sweep] backbone=mobilevitv2_200  (D: free=1578MB)
======================================================================
[IPKernelApp] WARNING | Kernel is running over TCP without encryption. All communication (including code and outputs) is sent in plain text and is susceptible to eavesdropping. Use IPC transport or launch with kernel manager-provisioned CurveZMQ keys to enable transport encryption.
[sweep] mobilevitv2_200: OK, 63.2 min -> C:\Users\Lab\agentic-accessibility-auditor\runs\notebooks\train_crop_violation_classifier_mobilevitv2_200.ipynb

======================================================================
[sweep] backbone=mobileone_s0  (D: free=1460MB)
======================================================================
[IPKernelApp] WARNING | Kernel is running over TCP without encryption. All communication (including code and outputs) is sent in plain text and is susceptible to eavesdropping. Use IPC transport or launch with kernel manager-provisioned CurveZMQ keys to enable transport encryption.
[sweep] mobileone_s0: OK, 52.0 min -> C:\Users\Lab\agentic-accessibility-auditor\runs\notebooks\train_crop_violation_classifier_mobileone_s0.ipynb

======================================================================
[sweep] backbone=mobileone_s1  (D: free=1491MB)
======================================================================
[IPKernelApp] WARNING | Kernel is running over TCP without encryption. All communication (including code and outputs) is sent in plain text and is susceptible to eavesdropping. Use IPC transport or launch with kernel manager-provisioned CurveZMQ keys to enable transport encryption.
[sweep] mobileone_s1: OK, 46.1 min -> C:\Users\Lab\agentic-accessibility-auditor\runs\notebooks\train_crop_violation_classifier_mobileone_s1.ipynb

======================================================================
[sweep] backbone=mobileone_s4  (D: free=1479MB)
======================================================================
[IPKernelApp] WARNING | Kernel is running over TCP without encryption. All communication (including code and outputs) is sent in plain text and is susceptible to eavesdropping. Use IPC transport or launch with kernel manager-provisioned CurveZMQ keys to enable transport encryption.
[sweep] mobileone_s4: OK, 69.2 min -> C:\Users\Lab\agentic-accessibility-auditor\runs\notebooks\train_crop_violation_classifier_mobileone_s4.ipynb

======================================================================
[sweep] backbone=ghostnet_100  (D: free=1392MB)
======================================================================
[IPKernelApp] WARNING | Kernel is running over TCP without encryption. All communication (including code and outputs) is sent in plain text and is susceptible to eavesdropping. Use IPC transport or launch with kernel manager-provisioned CurveZMQ keys to enable transport encryption.
[sweep] ghostnet_100: OK, 33.7 min -> C:\Users\Lab\agentic-accessibility-auditor\runs\notebooks\train_crop_violation_classifier_ghostnet_100.ipynb

======================================================================
[sweep] backbone=ghostnetv2_100  (D: free=1410MB)
======================================================================
[IPKernelApp] WARNING | Kernel is running over TCP without encryption. All communication (including code and outputs) is sent in plain text and is susceptible to eavesdropping. Use IPC transport or launch with kernel manager-provisioned CurveZMQ keys to enable transport encryption.
[sweep] ghostnetv2_100: OK, 38.1 min -> C:\Users\Lab\agentic-accessibility-auditor\runs\notebooks\train_crop_violation_classifier_ghostnetv2_100.ipynb

======================================================================
[sweep] backbone=convnext_tiny  (D: free=1386MB)
======================================================================
[IPKernelApp] WARNING | Kernel is running over TCP without encryption. All communication (including code and outputs) is sent in plain text and is susceptible to eavesdropping. Use IPC transport or launch with kernel manager-provisioned CurveZMQ keys to enable transport encryption.
[sweep] convnext_tiny: OK, 63.2 min -> C:\Users\Lab\agentic-accessibility-auditor\runs\notebooks\train_crop_violation_classifier_convnext_tiny.ipynb

======================================================================
[sweep] backbone=swin_tiny_patch4_window7_224  (D: free=1191MB)
======================================================================
[IPKernelApp] WARNING | Kernel is running over TCP without encryption. All communication (including code and outputs) is sent in plain text and is susceptible to eavesdropping. Use IPC transport or launch with kernel manager-provisioned CurveZMQ keys to enable transport encryption.
[sweep] swin_tiny_patch4_window7_224: OK, 46.2 min -> C:\Users\Lab\agentic-accessibility-auditor\runs\notebooks\train_crop_violation_classifier_swin_tiny_patch4_window7_224.ipynb

[sweep] ALL DONE.
